AA o
AA a
AA a a
AA o o
AA y o

AE a
AE y a

AH a
AH o
AH e
AH i
AH u

AO o
AO o o
AO a

AW a u
AW a w
AW o o
AW a o
AW a

AY a i
AY i
AY a
AY a i y

B b
B b u

CH c h y
CH c h
CH t c h i
CH c h i
CH t c h
CH c h y u
CH t c h y

D d
D d o
D d d o
D j

DH z
DH z u
DH j
DH a z

EH e
EH a

ER a a
ER a
ER a r
ER e r
ER o r

EY e e
EY a
EY e
EY e i
EY a i

F h
F h u
F h h
F a h u

G g
G g u
G g g u
G g g

HH h
HH w

IH i
IH e

IY i i
IY i
IY e
IY e e

JH j
JH j y
JH j i
JH j j i
JH e j i
JH z
JH g
JH j j
JH e

K k
K k u
K k k u
K k k
K k i
K k y

L r
L r u

M m
M m u
M n
M n m

N n
N n i

NG n g u
NG n
NG n g

OW o
OW o o
OW o u

OY o i
OY o o i
OY i
OY o i y
OY o
OY o o y
OY o o

P p
P p u
P p p u
P p p

PAUSE pause

R r
R a
R o
R r u
R u r
R a r
R -

S s u
S s
S s h
S s s

SH s h y
SH s h
SH s s h y u
SH s s h y
SH s h i
SH s s h
SH s h y u

T t
T t o
T t t o
T c h
T t t
T t s
T t s u

TH s u
TH s
TH s h
TH c h
TH t

UH u
UH u u
UH d d
UH a
UH o

UW u u
UW u
UW y u u
UW y u

V b
V b u
V w

W w
W u
W o
W i
W a
W e

Y y
Y i
Y y u
Y u
Y b

Z z
Z z u
Z j
Z s u
Z u
Z a
Z o
Z s
Z n
Z i
Z s h

ZH j y
ZH s h i
ZH j i
ZH j
ZH a j y u
ZH s h y
ZH s
ZH a j i

